error: proc-macro derive panicked
  --> $DIR/bool_required.rs:11:10
   |
11 | #[derive(StructOpt, Debug)]
   |          ^^^^^^^^^
   |
   = help: message: required is meaningless for bool
