error: proc-macro derive panicked
  --> $DIR/bool_default_value.rs:11:10
   |
11 | #[derive(StructOpt, Debug)]
   |          ^^^^^^^^^
   |
   = help: message: default_value is meaningless for bool
