error: proc-macro derive panicked
  --> $DIR/flatten_and_parse.rs:19:10
   |
19 | #[derive(StructOpt, Debug)]
   |          ^^^^^^^^^
   |
   = help: message: parse attribute is not allowed for flattened entry
