error: proc-macro derive panicked
  --> $DIR/parse_literal_spec.rs:11:10
   |
11 | #[derive(StructOpt, Debug)]
   |          ^^^^^^^^^
   |
   = help: message: unknown value parser specification, problematic tokens: ( parse ( "from_str" ) )
