error: proc-macro derive panicked
  --> $DIR/subcommand_opt_opt.rs:13:10
   |
13 | #[derive(Clap)]
   |          ^^^^
   |
   = help: message: Option<Option<T>> type is not allowed for subcommand
