error: methods in attributes are not allowed for subcommand
  --> $DIR/subcommand_and_methods.rs:17:12
   |
17 |     #[clap(subcommand, long)]
   |            ^^^^^^^^^^
