error: proc-macro derive panicked
  --> $DIR/tuple_struct.rs:13:10
   |
13 | #[derive(Clap, Debug)]
   |          ^^^^
   |
   = help: message: clap_derive only supports non-tuple structs and enums
